[2025-03-05T14:55:07.821Z] [ADMIN] Admin action performed username="ADMIN1" action="LOGIN" details="Admin login successful"
[2025-03-05T14:55:09.952Z] [ADMIN] Admin action performed username="ADMIN1" action="VIEW_LOGS" details="Admin viewed system logs"
[2025-03-05T14:55:40.179Z] [ADMIN] Admin action performed username="ADMIN1" action="VIEW_LOGS" details="Admin viewed system logs"
[2025-03-05T14:55:50.418Z] [ADMIN] Admin action performed username="ADMIN1" action="VIEW_LOGS" details="Admin viewed system logs"
[2025-03-05T14:55:51.195Z] [ADMIN] Admin action performed username="ADMIN1" action="VIEW_LOGS" details="Admin viewed system logs"
[2025-03-05T14:55:51.361Z] [ADMIN] Admin action performed username="ADMIN1" action="VIEW_LOGS" details="Admin viewed system logs"
[2025-03-05T14:55:51.527Z] [ADMIN] Admin action performed username="ADMIN1" action="VIEW_LOGS" details="Admin viewed system logs"
[2025-03-05T14:55:51.685Z] [ADMIN] Admin action performed username="ADMIN1" action="VIEW_LOGS" details="Admin viewed system logs"
[2025-03-05T14:55:57.138Z] [ADMIN] Admin action performed username="ADMIN1" action="VIEW_LOGS" details="Admin viewed system logs"
[2025-03-05T14:56:10.183Z] [ADMIN] Admin action performed username="ADMIN1" action="VIEW_LOGS" details="Admin viewed system logs"
[2025-03-05T14:56:47.017Z] [ADMIN] Admin action performed username="ADMIN1" action="LOGIN" details="Admin login successful"
[2025-03-05T14:56:48.119Z] [ADMIN] Admin action performed username="ADMIN1" action="VIEW_LOGS" details="Admin viewed system logs"
[2025-03-05T14:57:18.164Z] [ADMIN] Admin action performed username="ADMIN1" action="VIEW_LOGS" details="Admin viewed system logs"
[2025-03-05T14:57:48.183Z] [ADMIN] Admin action performed username="ADMIN1" action="VIEW_LOGS" details="Admin viewed system logs"
[2025-03-05T14:58:18.175Z] [ADMIN] Admin action performed username="ADMIN1" action="VIEW_LOGS" details="Admin viewed system logs"
[2025-03-05T15:12:18.888Z] [ADMIN] Admin action performed username="ADMIN1" action="LOGIN" details="Admin login successful"
[2025-03-05T15:12:19.676Z] [ADMIN] Admin action performed username="ADMIN1" action="VIEW_LOGS" details="Admin viewed system logs"
[2025-03-05T15:20:18.133Z] [ERROR] System error occurred error="logger.logSignupSuccess is not a function" stack="TypeError: logger.logSignupSuccess is not a function
    at /Users/dariokhallat/Documents/Computer_Security/CompSec77/server.js:206:16
    at process.processTicksAndRejections (node:internal/process/task_queues:95:5)" context="Signup endpoint"
[2025-03-05T15:22:00.265Z] [SECURITY] Failed signup attempt username="George" ipAddress="127.0.0.1" reason="Username already exists" timestamp="2025-03-05T15:22:00.265Z"
[2025-03-05T15:30:22.980Z] [ERROR] System error occurred error="logger.logSignupSuccess is not a function" stack="TypeError: logger.logSignupSuccess is not a function
    at /Users/dariokhallat/Documents/Computer_Security/CompSec77/server.js:212:16
    at process.processTicksAndRejections (node:internal/process/task_queues:95:5)" context="Signup endpoint"
[2025-03-05T15:30:28.329Z] [ERROR] System error occurred error="logger.logSignupSuccess is not a function" stack="TypeError: logger.logSignupSuccess is not a function
    at /Users/dariokhallat/Documents/Computer_Security/CompSec77/server.js:212:16
    at process.processTicksAndRejections (node:internal/process/task_queues:95:5)" context="Signup endpoint"
[2025-03-05T15:39:45.229Z] [SECURITY] Failed signup attempt username="Andy Ding" ipAddress="127.0.0.1" reason="Username already exists" timestamp="2025-03-05T15:39:45.228Z"
[2025-03-05T15:40:20.097Z] [ERROR] System error occurred error="logger.logSignupSuccess is not a function" stack="TypeError: logger.logSignupSuccess is not a function
    at /Users/dariokhallat/Documents/Computer_Security/CompSec77/server.js:212:16
    at process.processTicksAndRejections (node:internal/process/task_queues:95:5)" context="Signup endpoint"
[2025-03-05T15:40:22.265Z] [SECURITY] Failed signup attempt username="Captain " ipAddress="127.0.0.1" reason="Username already exists" timestamp="2025-03-05T15:40:22.265Z"
[2025-03-05T15:40:31.500Z] [SECURITY] Failed login attempt username="Captain" ipAddress="127.0.0.1" reason="User not found" timestamp="2025-03-05T15:40:31.496Z" attempt_count="1"
[2025-03-05T15:40:36.202Z] [SECURITY] Failed login attempt username="Captain" ipAddress="127.0.0.1" reason="User not found" timestamp="2025-03-05T15:40:36.199Z" attempt_count="2"
[2025-03-05T15:43:24.751Z] [SIGNUP_SUCCESS] User signup successful username="Cap" ipAddress="127.0.0.1"
[2025-03-05T15:43:33.391Z] [SESSION] Session started username="Cap" sessionId="UIzFzrW5uiZzgaNpDl7Ta8AWCaxZwtV9"
[2025-03-05T15:45:28.156Z] [SIGNUP_FAILURE] User signup failed username="Andy" ipAddress="127.0.0.1" reason="Username already exists"
[2025-03-05T15:45:33.857Z] [SIGNUP_SUCCESS] User signup successful username="1Andy" ipAddress="127.0.0.1"
[2025-03-05T15:50:10.153Z] [SIGNUP_SUCCESS] User signup successful username="Darius" ipAddress="127.0.0.1"
[2025-03-05T15:50:16.834Z] [SESSION] Session started username="Darius" sessionId="h6nUPGsLAqzreLvWPYU9SIZQzTidBByl"
[2025-03-05T15:50:23.875Z] [SESSION] Session started username="Darius" sessionId="h6nUPGsLAqzreLvWPYU9SIZQzTidBByl"
[2025-03-05T15:50:35.253Z] [SECURITY] Failed login attempt username="ADMIN1" ipAddress="127.0.0.1" reason="Invalid password" timestamp="2025-03-05T15:50:35.253Z" attempt_count="0"
[2025-03-05T15:50:37.934Z] [SECURITY] Failed login attempt username="ADMIN1" ipAddress="127.0.0.1" reason="Invalid password" timestamp="2025-03-05T15:50:37.934Z" attempt_count="1"
[2025-03-05T15:50:48.731Z] [SESSION] Session started username="ADMIN1" sessionId="h6nUPGsLAqzreLvWPYU9SIZQzTidBByl"
[2025-03-05T15:53:02.194Z] [SESSION] Session started username="Darius" sessionId="7nPz2ErVHbINHtT5QuKqjQsrirI1BDZO"
[2025-03-05T15:57:07.840Z] [SIGNUP_SUCCESS] User signup successful username="ema" ipAddress="127.0.0.1"
[2025-03-05T15:57:14.077Z] [SESSION] Session started username="ema" sessionId="7nPz2ErVHbINHtT5QuKqjQsrirI1BDZO"
[2025-03-05T16:03:44.832Z] [SECURITY] Failed login attempt username="ADMIN1" ipAddress="127.0.0.1" reason="Invalid admin password" timestamp="2025-03-05T16:03:44.831Z" attempt_count="2"
[2025-03-05T16:03:47.819Z] [ADMIN] Admin action performed username="ADMIN1" action="LOGIN" details="Admin login successful"
[2025-03-05T16:03:49.026Z] [ADMIN] Admin action performed username="ADMIN1" action="VIEW_LOGS" details="Admin viewed system logs"
[2025-03-05T16:04:19.036Z] [ADMIN] Admin action performed username="ADMIN1" action="VIEW_LOGS" details="Admin viewed system logs"
[2025-03-05T16:04:49.031Z] [ADMIN] Admin action performed username="ADMIN1" action="VIEW_LOGS" details="Admin viewed system logs"
[2025-03-05T16:05:19.031Z] [ADMIN] Admin action performed username="ADMIN1" action="VIEW_LOGS" details="Admin viewed system logs"
[2025-03-05T16:05:49.030Z] [ADMIN] Admin action performed username="ADMIN1" action="VIEW_LOGS" details="Admin viewed system logs"
[2025-03-05T16:08:50.703Z] [ADMIN] Admin action performed username="ADMIN1" action="VIEW_LOGS" details="Admin viewed system logs"
[2025-03-05T16:09:20.689Z] [ADMIN] Admin action performed username="ADMIN1" action="VIEW_LOGS" details="Admin viewed system logs"
[2025-03-05T16:26:47.697Z] [ADMIN] Admin action performed username="ADMIN1" action="VIEW_LOGS" details="Admin viewed system logs"
[2025-03-05T16:27:47.687Z] [ADMIN] Admin action performed username="ADMIN1" action="VIEW_LOGS" details="Admin viewed system logs"
[2025-03-05T16:28:47.687Z] [ADMIN] Admin action performed username="ADMIN1" action="VIEW_LOGS" details="Admin viewed system logs"
[2025-03-05T16:29:47.690Z] [ADMIN] Admin action performed username="ADMIN1" action="VIEW_LOGS" details="Admin viewed system logs"
[2025-03-05T16:30:47.691Z] [ADMIN] Admin action performed username="ADMIN1" action="VIEW_LOGS" details="Admin viewed system logs"
[2025-03-05T16:31:47.692Z] [ADMIN] Admin action performed username="ADMIN1" action="VIEW_LOGS" details="Admin viewed system logs"
[2025-03-05T16:32:47.688Z] [ADMIN] Admin action performed username="ADMIN1" action="VIEW_LOGS" details="Admin viewed system logs"
[2025-03-05T16:33:47.688Z] [ADMIN] Admin action performed username="ADMIN1" action="VIEW_LOGS" details="Admin viewed system logs"
[2025-03-05T16:34:47.690Z] [ADMIN] Admin action performed username="ADMIN1" action="VIEW_LOGS" details="Admin viewed system logs"
[2025-03-05T16:35:47.691Z] [ADMIN] Admin action performed username="ADMIN1" action="VIEW_LOGS" details="Admin viewed system logs"
[2025-03-05T16:36:47.699Z] [ADMIN] Admin action performed username="ADMIN1" action="VIEW_LOGS" details="Admin viewed system logs"
[2025-03-05T16:37:47.694Z] [ADMIN] Admin action performed username="ADMIN1" action="VIEW_LOGS" details="Admin viewed system logs"
[2025-03-05T16:38:47.693Z] [ADMIN] Admin action performed username="ADMIN1" action="VIEW_LOGS" details="Admin viewed system logs"
[2025-03-05T16:39:47.693Z] [ADMIN] Admin action performed username="ADMIN1" action="VIEW_LOGS" details="Admin viewed system logs"
[2025-03-05T16:40:47.702Z] [ADMIN] Admin action performed username="ADMIN1" action="VIEW_LOGS" details="Admin viewed system logs"
[2025-03-05T16:41:47.694Z] [ADMIN] Admin action performed username="ADMIN1" action="VIEW_LOGS" details="Admin viewed system logs"
[2025-03-05T16:42:47.696Z] [ADMIN] Admin action performed username="ADMIN1" action="VIEW_LOGS" details="Admin viewed system logs"
[2025-03-05T16:43:47.697Z] [ADMIN] Admin action performed username="ADMIN1" action="VIEW_LOGS" details="Admin viewed system logs"
[2025-03-05T16:44:47.695Z] [ADMIN] Admin action performed username="ADMIN1" action="VIEW_LOGS" details="Admin viewed system logs"
[2025-03-05T16:45:47.696Z] [ADMIN] Admin action performed username="ADMIN1" action="VIEW_LOGS" details="Admin viewed system logs"
[2025-03-05T16:46:47.703Z] [ADMIN] Admin action performed username="ADMIN1" action="VIEW_LOGS" details="Admin viewed system logs"
[2025-03-05T16:47:47.698Z] [ADMIN] Admin action performed username="ADMIN1" action="VIEW_LOGS" details="Admin viewed system logs"
[2025-03-05T16:48:47.697Z] [ADMIN] Admin action performed username="ADMIN1" action="VIEW_LOGS" details="Admin viewed system logs"
[2025-03-05T16:49:47.702Z] [ADMIN] Admin action performed username="ADMIN1" action="VIEW_LOGS" details="Admin viewed system logs"
[2025-03-05T16:50:47.698Z] [ADMIN] Admin action performed username="ADMIN1" action="VIEW_LOGS" details="Admin viewed system logs"
[2025-03-05T16:51:47.698Z] [ADMIN] Admin action performed username="ADMIN1" action="VIEW_LOGS" details="Admin viewed system logs"
[2025-03-05T17:06:28.987Z] [ADMIN] Admin action performed username="ADMIN1" action="VIEW_LOGS" details="Admin viewed system logs"
[2025-03-05T17:07:28.819Z] [ADMIN] Admin action performed username="ADMIN1" action="VIEW_LOGS" details="Admin viewed system logs"
[2025-03-05T17:08:28.249Z] [ADMIN] Admin action performed username="ADMIN1" action="VIEW_LOGS" details="Admin viewed system logs"
[2025-03-05T17:08:59.824Z] [ADMIN] Admin action performed username="ADMIN1" action="VIEW_LOGS" details="Admin viewed system logs"
[2025-03-05T17:09:29.820Z] [ADMIN] Admin action performed username="ADMIN1" action="VIEW_LOGS" details="Admin viewed system logs"
[2025-03-05T17:10:28.844Z] [ADMIN] Admin action performed username="ADMIN1" action="VIEW_LOGS" details="Admin viewed system logs"
[2025-03-05T17:11:28.825Z] [ADMIN] Admin action performed username="ADMIN1" action="VIEW_LOGS" details="Admin viewed system logs"
[2025-03-05T17:12:28.831Z] [ADMIN] Admin action performed username="ADMIN1" action="VIEW_LOGS" details="Admin viewed system logs"
[2025-03-05T17:13:28.842Z] [ADMIN] Admin action performed username="ADMIN1" action="VIEW_LOGS" details="Admin viewed system logs"
[2025-03-05T17:14:28.818Z] [ADMIN] Admin action performed username="ADMIN1" action="VIEW_LOGS" details="Admin viewed system logs"
[2025-03-05T17:15:28.825Z] [ADMIN] Admin action performed username="ADMIN1" action="VIEW_LOGS" details="Admin viewed system logs"
[2025-03-05T17:16:28.838Z] [ADMIN] Admin action performed username="ADMIN1" action="VIEW_LOGS" details="Admin viewed system logs"
[2025-03-05T17:17:28.843Z] [ADMIN] Admin action performed username="ADMIN1" action="VIEW_LOGS" details="Admin viewed system logs"
[2025-03-05T17:18:28.865Z] [ADMIN] Admin action performed username="ADMIN1" action="VIEW_LOGS" details="Admin viewed system logs"
[2025-03-05T17:19:28.836Z] [ADMIN] Admin action performed username="ADMIN1" action="VIEW_LOGS" details="Admin viewed system logs"
[2025-03-05T17:20:28.848Z] [ADMIN] Admin action performed username="ADMIN1" action="VIEW_LOGS" details="Admin viewed system logs"
[2025-03-05T17:21:28.839Z] [ADMIN] Admin action performed username="ADMIN1" action="VIEW_LOGS" details="Admin viewed system logs"
[2025-03-05T17:22:28.861Z] [ADMIN] Admin action performed username="ADMIN1" action="VIEW_LOGS" details="Admin viewed system logs"
[2025-03-05T17:23:28.863Z] [ADMIN] Admin action performed username="ADMIN1" action="VIEW_LOGS" details="Admin viewed system logs"
[2025-03-05T17:24:28.868Z] [ADMIN] Admin action performed username="ADMIN1" action="VIEW_LOGS" details="Admin viewed system logs"
[2025-03-05T17:25:28.866Z] [ADMIN] Admin action performed username="ADMIN1" action="VIEW_LOGS" details="Admin viewed system logs"
[2025-03-05T17:26:28.873Z] [ADMIN] Admin action performed username="ADMIN1" action="VIEW_LOGS" details="Admin viewed system logs"
[2025-03-05T17:27:28.847Z] [ADMIN] Admin action performed username="ADMIN1" action="VIEW_LOGS" details="Admin viewed system logs"
[2025-03-05T17:28:28.875Z] [ADMIN] Admin action performed username="ADMIN1" action="VIEW_LOGS" details="Admin viewed system logs"
[2025-03-05T17:29:28.881Z] [ADMIN] Admin action performed username="ADMIN1" action="VIEW_LOGS" details="Admin viewed system logs"
[2025-03-05T17:30:28.868Z] [ADMIN] Admin action performed username="ADMIN1" action="VIEW_LOGS" details="Admin viewed system logs"
[2025-03-05T17:31:28.865Z] [ADMIN] Admin action performed username="ADMIN1" action="VIEW_LOGS" details="Admin viewed system logs"
[2025-03-05T17:32:28.911Z] [ADMIN] Admin action performed username="ADMIN1" action="VIEW_LOGS" details="Admin viewed system logs"
[2025-03-05T17:33:28.926Z] [ADMIN] Admin action performed username="ADMIN1" action="VIEW_LOGS" details="Admin viewed system logs"
[2025-03-05T17:34:28.954Z] [ADMIN] Admin action performed username="ADMIN1" action="VIEW_LOGS" details="Admin viewed system logs"
[2025-03-05T17:35:28.871Z] [ADMIN] Admin action performed username="ADMIN1" action="VIEW_LOGS" details="Admin viewed system logs"
[2025-03-05T17:36:28.873Z] [ADMIN] Admin action performed username="ADMIN1" action="VIEW_LOGS" details="Admin viewed system logs"
[2025-03-05T17:37:28.955Z] [ADMIN] Admin action performed username="ADMIN1" action="VIEW_LOGS" details="Admin viewed system logs"
[2025-03-05T17:38:28.930Z] [ADMIN] Admin action performed username="ADMIN1" action="VIEW_LOGS" details="Admin viewed system logs"
[2025-03-05T17:39:28.909Z] [ADMIN] Admin action performed username="ADMIN1" action="VIEW_LOGS" details="Admin viewed system logs"
[2025-03-05T17:40:29.049Z] [ADMIN] Admin action performed username="ADMIN1" action="VIEW_LOGS" details="Admin viewed system logs"
[2025-03-05T17:41:28.963Z] [ADMIN] Admin action performed username="ADMIN1" action="VIEW_LOGS" details="Admin viewed system logs"
[2025-03-05T17:42:28.950Z] [ADMIN] Admin action performed username="ADMIN1" action="VIEW_LOGS" details="Admin viewed system logs"
[2025-03-05T17:43:28.982Z] [ADMIN] Admin action performed username="ADMIN1" action="VIEW_LOGS" details="Admin viewed system logs"
[2025-03-05T17:44:28.949Z] [ADMIN] Admin action performed username="ADMIN1" action="VIEW_LOGS" details="Admin viewed system logs"
[2025-03-05T17:45:28.955Z] [ADMIN] Admin action performed username="ADMIN1" action="VIEW_LOGS" details="Admin viewed system logs"
[2025-03-05T17:46:28.933Z] [ADMIN] Admin action performed username="ADMIN1" action="VIEW_LOGS" details="Admin viewed system logs"
[2025-03-05T17:47:28.983Z] [ADMIN] Admin action performed username="ADMIN1" action="VIEW_LOGS" details="Admin viewed system logs"
[2025-03-05T17:48:28.967Z] [ADMIN] Admin action performed username="ADMIN1" action="VIEW_LOGS" details="Admin viewed system logs"
[2025-03-05T17:49:29.001Z] [ADMIN] Admin action performed username="ADMIN1" action="VIEW_LOGS" details="Admin viewed system logs"
[2025-03-05T17:50:28.931Z] [ADMIN] Admin action performed username="ADMIN1" action="VIEW_LOGS" details="Admin viewed system logs"
[2025-03-05T17:51:29.012Z] [ADMIN] Admin action performed username="ADMIN1" action="VIEW_LOGS" details="Admin viewed system logs"
[2025-03-05T17:52:28.975Z] [ADMIN] Admin action performed username="ADMIN1" action="VIEW_LOGS" details="Admin viewed system logs"
[2025-03-05T17:53:28.957Z] [ADMIN] Admin action performed username="ADMIN1" action="VIEW_LOGS" details="Admin viewed system logs"
[2025-03-05T17:54:28.959Z] [ADMIN] Admin action performed username="ADMIN1" action="VIEW_LOGS" details="Admin viewed system logs"
[2025-03-05T17:55:28.964Z] [ADMIN] Admin action performed username="ADMIN1" action="VIEW_LOGS" details="Admin viewed system logs"
[2025-03-05T17:56:28.969Z] [ADMIN] Admin action performed username="ADMIN1" action="VIEW_LOGS" details="Admin viewed system logs"
[2025-03-05T17:57:28.949Z] [ADMIN] Admin action performed username="ADMIN1" action="VIEW_LOGS" details="Admin viewed system logs"
[2025-03-05T17:58:28.946Z] [ADMIN] Admin action performed username="ADMIN1" action="VIEW_LOGS" details="Admin viewed system logs"
[2025-03-05T17:59:29.010Z] [ADMIN] Admin action performed username="ADMIN1" action="VIEW_LOGS" details="Admin viewed system logs"
[2025-03-05T18:00:28.982Z] [ADMIN] Admin action performed username="ADMIN1" action="VIEW_LOGS" details="Admin viewed system logs"
[2025-03-05T18:01:29.003Z] [ADMIN] Admin action performed username="ADMIN1" action="VIEW_LOGS" details="Admin viewed system logs"
[2025-03-05T18:02:29.007Z] [ADMIN] Admin action performed username="ADMIN1" action="VIEW_LOGS" details="Admin viewed system logs"
[2025-03-05T18:03:28.925Z] [ADMIN] Admin action performed username="ADMIN1" action="VIEW_LOGS" details="Admin viewed system logs"
[2025-03-05T18:04:29.039Z] [ADMIN] Admin action performed username="ADMIN1" action="VIEW_LOGS" details="Admin viewed system logs"
[2025-03-05T18:05:28.994Z] [ADMIN] Admin action performed username="ADMIN1" action="VIEW_LOGS" details="Admin viewed system logs"
[2025-03-05T18:06:29.044Z] [ADMIN] Admin action performed username="ADMIN1" action="VIEW_LOGS" details="Admin viewed system logs"
[2025-03-05T18:07:28.995Z] [ADMIN] Admin action performed username="ADMIN1" action="VIEW_LOGS" details="Admin viewed system logs"
[2025-03-05T18:08:29.017Z] [ADMIN] Admin action performed username="ADMIN1" action="VIEW_LOGS" details="Admin viewed system logs"
[2025-03-05T18:09:29.097Z] [ADMIN] Admin action performed username="ADMIN1" action="VIEW_LOGS" details="Admin viewed system logs"
[2025-03-05T18:10:18.672Z] [ADMIN] Admin action performed username="ADMIN1" action="VIEW_LOGS" details="Admin viewed system logs"
[2025-03-05T18:10:29.969Z] [ADMIN] Admin action performed username="ADMIN1" action="VIEW_LOGS" details="Admin viewed system logs"
[2025-03-05T18:10:59.711Z] [ADMIN] Admin action performed username="ADMIN1" action="VIEW_LOGS" details="Admin viewed system logs"
[2025-03-05T18:11:29.826Z] [ADMIN] Admin action performed username="ADMIN1" action="VIEW_LOGS" details="Admin viewed system logs"
[2025-03-05T18:11:59.817Z] [ADMIN] Admin action performed username="ADMIN1" action="VIEW_LOGS" details="Admin viewed system logs"
[2025-03-05T18:13:28.821Z] [ADMIN] Admin action performed username="ADMIN1" action="VIEW_LOGS" details="Admin viewed system logs"
[2025-03-05T18:14:28.818Z] [ADMIN] Admin action performed username="ADMIN1" action="VIEW_LOGS" details="Admin viewed system logs"
[2025-03-05T18:15:28.803Z] [ADMIN] Admin action performed username="ADMIN1" action="VIEW_LOGS" details="Admin viewed system logs"
[2025-03-05T18:16:28.799Z] [ADMIN] Admin action performed username="ADMIN1" action="VIEW_LOGS" details="Admin viewed system logs"
[2025-03-05T18:17:28.796Z] [ADMIN] Admin action performed username="ADMIN1" action="VIEW_LOGS" details="Admin viewed system logs"
[2025-03-05T18:18:28.796Z] [ADMIN] Admin action performed username="ADMIN1" action="VIEW_LOGS" details="Admin viewed system logs"
[2025-03-05T18:19:18.225Z] [SECURITY] Failed login attempt username="admin" ipAddress="127.0.0.1" reason="Invalid admin password" timestamp="2025-03-05T18:19:18.223Z" attempt_count="1"
[2025-03-05T18:19:52.388Z] [SESSION] Session started username="Darius" sessionId="GpUckvyOVB5Z-0J_H37NH6Y8i-854VnK"
[2025-03-05T18:24:33.525Z] [SECURITY] Failed login attempt username="Darius" ipAddress="127.0.0.1" reason="Invalid password" timestamp="2025-03-05T18:24:33.525Z" attempt_count="1"
[2025-03-05T18:24:38.358Z] [SESSION] Session started username="Darius" sessionId="Ng_utXsEXRCtx4evsUCeH0tcO-t9juk3"
[2025-03-05T18:27:42.658Z] [SECURITY] Failed login attempt username="Darius" ipAddress="127.0.0.1" reason="Invalid password" timestamp="2025-03-05T18:27:42.657Z" attempt_count="2"
[2025-03-05T18:27:52.605Z] [SESSION] Session started username="Darius" sessionId="YY5ZSk5V5QX0rvCqMXPmWDIUhRmhsn3Y"
[2025-03-05T18:30:04.946Z] [SESSION] Session ended username="Darius" sessionId="YY5ZSk5V5QX0rvCqMXPmWDIUhRmhsn3Y"
[2025-03-05T18:30:13.501Z] [SECURITY] Failed login attempt username="admin" ipAddress="127.0.0.1" reason="Invalid admin password" timestamp="2025-03-05T18:30:13.501Z" attempt_count="2"
[2025-03-05T18:30:20.584Z] [SECURITY] Failed login attempt username="admin" ipAddress="127.0.0.1" reason="Invalid admin password" timestamp="2025-03-05T18:30:20.584Z" attempt_count="3"
[2025-03-05T18:32:52.581Z] [SESSION] Session started username="darius" sessionId="JClGJqHwYnG_ndCZCwSIA8hvfJHTUbb3"
[2025-03-05T18:35:24.933Z] [SESSION] Session started username="darius" sessionId="haCo2PPYy6dYAj-Z5yq7bopBr9XWkXxF"
[2025-03-05T18:35:34.308Z] [SECURITY] Failed login attempt username="admin" ipAddress="127.0.0.1" reason="Invalid admin password" timestamp="2025-03-05T18:35:34.307Z" attempt_count="4"
[2025-03-05T18:35:50.029Z] [SECURITY] Failed login attempt username="admin" ipAddress="127.0.0.1" reason="Invalid admin password" timestamp="2025-03-05T18:35:50.029Z" attempt_count="5"
[2025-03-05T18:42:32.873Z] [SESSION] Session started username="darius" sessionId="gXCq8OqAGSGUQjGhxDU-UirZ9apxvlgx"
[2025-03-05T18:43:50.818Z] [SESSION] Session started username="darius" sessionId="gXCq8OqAGSGUQjGhxDU-UirZ9apxvlgx"
[2025-03-05T18:50:03.475Z] [SECURITY] Failed login attempt username="admin" ipAddress="127.0.0.1" reason="Invalid admin credentials" timestamp="2025-03-05T18:50:03.472Z" attempt_count="6"
[2025-03-05T18:55:46.661Z] [SESSION] Session started username="darius" sessionId="HW6aa_HvoRYq_F_laOwqgnTxOW5LainS"
[2025-03-05T23:19:00.601Z] [SESSION] Session started username="darius" sessionId="HW6aa_HvoRYq_F_laOwqgnTxOW5LainS"
[2025-03-05T23:22:08.885Z] [SESSION] Session started username="darius" sessionId="-ZBjyJVsQE35N2OF0aXRSA9cS-VqK5uz"
[2025-03-05T23:22:25.848Z] [SESSION] Session started username="darius" sessionId="-ZBjyJVsQE35N2OF0aXRSA9cS-VqK5uz"
[2025-03-05T23:26:00.213Z] [SESSION] Session started username="darius" sessionId="zz5mY2vB91PfP-5Eh5Uo1fM0-sHlnfrn"
[2025-03-05T23:31:59.609Z] [SESSION] Session started username="darius" sessionId="0yej0USnWBgQ35Lf6iuX8MvfW5C8EKM8"
[2025-03-05T23:32:25.030Z] [SESSION] Session started username="darius" sessionId="0yej0USnWBgQ35Lf6iuX8MvfW5C8EKM8"
[2025-03-05T23:35:35.006Z] [SESSION] Session started username="darius" sessionId="f5lQcpz7jjgGZfzkbtMJO-RMPs4QoOFM"
[2025-03-05T23:37:31.809Z] [SESSION] Session started username="darius" sessionId="O6s-CtPu-pn9WG9Db4quepi406jykc9A"
[2025-03-05T23:43:18.750Z] [SESSION] Session started username="darius" sessionId="Z7q4ICMJUZZQi7qgjXXwZVCUiKatObEv"
[2025-03-05T23:48:07.999Z] [SESSION] Session started username="darius" sessionId="7U_A-0hXKpxnm-TxjZSTL4V4daEwv1dH"
[2025-03-05T23:48:24.125Z] [SESSION] Session started username="darius" sessionId="7U_A-0hXKpxnm-TxjZSTL4V4daEwv1dH"
